{
  "exclude": {
    "files": "uv.lock|^.secrets.baseline$",
    "lines": null
  },
  "generated_at": "2025-05-29T15:57:23Z",
  "plugins_used": [
    {
      "name": "AWSKeyDetector"
    },
    {
      "name": "ArtifactoryDetector"
    },
    {
      "name": "AzureStorageKeyDetector"
    },
    {
      "base64_limit": 4.5,
      "name": "Base64HighEntropyString"
    },
    {
      "name": "BasicAuthDetector"
    },
    {
      "name": "BoxDetector"
    },
    {
      "name": "CloudantDetector"
    },
    {
      "ghe_instance": "github.ibm.com",
      "name": "GheDetector"
    },
    {
      "name": "GitHubTokenDetector"
    },
    {
      "hex_limit": 3,
      "name": "HexHighEntropyString"
    },
    {
      "name": "IbmCloudIamDetector"
    },
    {
      "name": "IbmCosHmacDetector"
    },
    {
      "name": "JwtTokenDetector"
    },
    {
      "keyword_exclude": null,
      "name": "KeywordDetector"
    },
    {
      "name": "MailchimpDetector"
    },
    {
      "name": "NpmDetector"
    },
    {
      "name": "PrivateKeyDetector"
    },
    {
      "name": "SlackDetector"
    },
    {
      "name": "SoftlayerDetector"
    },
    {
      "name": "SquareOAuthDetector"
    },
    {
      "name": "StripeDetector"
    },
    {
      "name": "TwilioKeyDetector"
    }
  ],
  "results": {
    ".env.beeai": [
      {
        "hashed_secret": "ce7501007f04a6529e650f1f1b3fc0586d1d94eb",
        "is_secret": false,
        "is_verified": false,
        "line_number": 3,
        "type": "Secret Keyword",
        "verified_result": null
      }
    ],
    ".env.rits": [
      {
        "hashed_secret": "06113e29643bfec42b4f6d106c43c7d6c617c269",
        "is_secret": false,
        "is_verified": false,
        "line_number": 3,
        "type": "Secret Keyword",
        "verified_result": null
      },
      {
        "hashed_secret": "75f2c64b7f393273c7afb594056a14d3b113c89f",
        "is_secret": false,
        "is_verified": false,
        "line_number": 4,
        "type": "Secret Keyword",
        "verified_result": null
      }
    ]
  },
  "version": "0.13.1+ibm.62.dss",
  "word_list": {
    "file": null,
    "hash": null
  }
}
